// Jest Snapshot v1, https://goo.gl/fbAQLP

exports[`<Icon /> <Icon /> - type 1`] = `
<div
  class="sc-bdvvtL iYxTvk"
>
  <div
    class="sc-gsDKAQ lbgLsI"
  >
    <span />
  </div>
</div>
`;
